COMMAND: ["python", "/project/analysis/reassessment_gpu.py", "--variant", "pristine", "--mode", "ordinary", "--output-dir", "/artifacts/modal-20261004-independent-audit/results"]
[2026-10-04 20:27:19] Warning: You are sending unauthenticated requests to the HF Hub. Please set a HF_TOKEN to enable higher rate limits and faster downloads.

Multi-thread loading shards:   0% Completed | 0/4 [00:00<?, ?it/s]
Multi-thread loading shards:  25% Completed | 1/4 [00:02<00:06,  2.31s/it]
Multi-thread loading shards:  50% Completed | 2/4 [00:03<00:03,  1.71s/it]
Multi-thread loading shards:  75% Completed | 3/4 [00:04<00:01,  1.52s/it]
Multi-thread loading shards: 100% Completed | 4/4 [00:06<00:00,  1.41s/it]
Multi-thread loading shards: 100% Completed | 4/4 [00:06<00:00,  1.53s/it]
PROGRESS: pristine ordinary q112 initial repeat0
PROGRESS: pristine ordinary q114 initial repeat0
PROGRESS: pristine ordinary q151 initial repeat0
PROGRESS: pristine ordinary q114 refinement repeat0
PROGRESS: pristine ordinary q112 initial repeat1
PROGRESS: pristine ordinary q114 initial repeat1
PROGRESS: pristine ordinary q151 initial repeat1
PROGRESS: pristine ordinary q114 refinement repeat1
COMMAND: ["python", "/project/analysis/reassessment_gpu.py", "--variant", "pristine", "--mode", "ngram", "--output-dir", "/artifacts/modal-20261004-independent-audit/results"]
[2026-10-04 20:29:29] Warning: You are sending unauthenticated requests to the HF Hub. Please set a HF_TOKEN to enable higher rate limits and faster downloads.

Multi-thread loading shards:   0% Completed | 0/4 [00:00<?, ?it/s]
Multi-thread loading shards:  25% Completed | 1/4 [00:00<00:01,  1.65it/s]
Multi-thread loading shards:  50% Completed | 2/4 [00:01<00:01,  1.65it/s]
Multi-thread loading shards:  75% Completed | 3/4 [00:01<00:00,  1.61it/s]
Multi-thread loading shards: 100% Completed | 4/4 [00:02<00:00,  1.65it/s]
Multi-thread loading shards: 100% Completed | 4/4 [00:02<00:00,  1.65it/s]
PROGRESS: pristine ngram q112 initial repeat0
PROGRESS: pristine ngram q114 initial repeat0
PROGRESS: pristine ngram q151 initial repeat0
PROGRESS: pristine ngram q114 refinement repeat0
PROGRESS: pristine ngram q112 initial repeat1
PROGRESS: pristine ngram q114 initial repeat1
PROGRESS: pristine ngram q151 initial repeat1
PROGRESS: pristine ngram q114 refinement repeat1
COMMAND: ["python", "/project/analysis/reassessment_gpu.py", "--variant", "head-only", "--mode", "ordinary", "--output-dir", "/artifacts/modal-20261004-independent-audit/results"]
[2026-10-04 20:30:47] Warning: You are sending unauthenticated requests to the HF Hub. Please set a HF_TOKEN to enable higher rate limits and faster downloads.

Multi-thread loading shards:   0% Completed | 0/4 [00:00<?, ?it/s]
Multi-thread loading shards:  25% Completed | 1/4 [00:00<00:01,  1.64it/s]
Multi-thread loading shards:  50% Completed | 2/4 [00:01<00:01,  1.66it/s]
Multi-thread loading shards:  75% Completed | 3/4 [00:01<00:00,  1.53it/s]
Multi-thread loading shards: 100% Completed | 4/4 [00:02<00:00,  1.52it/s]
Multi-thread loading shards: 100% Completed | 4/4 [00:02<00:00,  1.55it/s]
PROGRESS: head-only ordinary q112 initial repeat0
PROGRESS: head-only ordinary q114 initial repeat0
PROGRESS: head-only ordinary q151 initial repeat0
PROGRESS: head-only ordinary q114 refinement repeat0
PROGRESS: head-only ordinary q112 initial repeat1
PROGRESS: head-only ordinary q114 initial repeat1
PROGRESS: head-only ordinary q151 initial repeat1
PROGRESS: head-only ordinary q114 refinement repeat1
COMMAND: ["python", "/project/analysis/reassessment_gpu.py", "--variant", "head-only", "--mode", "ngram", "--output-dir", "/artifacts/modal-20261004-independent-audit/results"]
[2026-10-04 20:32:16] Warning: You are sending unauthenticated requests to the HF Hub. Please set a HF_TOKEN to enable higher rate limits and faster downloads.

Multi-thread loading shards:   0% Completed | 0/4 [00:00<?, ?it/s]
Multi-thread loading shards:  25% Completed | 1/4 [00:00<00:02,  1.23it/s]
Multi-thread loading shards:  50% Completed | 2/4 [00:01<00:01,  1.23it/s]
Multi-thread loading shards:  75% Completed | 3/4 [00:02<00:00,  1.23it/s]
Multi-thread loading shards: 100% Completed | 4/4 [00:03<00:00,  1.31it/s]
Multi-thread loading shards: 100% Completed | 4/4 [00:03<00:00,  1.28it/s]
PROGRESS: head-only ngram q112 initial repeat0
PROGRESS: head-only ngram q114 initial repeat0
PROGRESS: head-only ngram q151 initial repeat0
PROGRESS: head-only ngram q114 refinement repeat0
PROGRESS: head-only ngram q112 initial repeat1
PROGRESS: head-only ngram q114 initial repeat1
PROGRESS: head-only ngram q151 initial repeat1
PROGRESS: head-only ngram q114 refinement repeat1
COMMAND: ["python", "/project/analysis/reassessment_gpu.py", "--variant", "shared-v12", "--mode", "ordinary", "--output-dir", "/artifacts/modal-20261004-independent-audit/results"]
[2026-10-04 20:33:20] Warning: You are sending unauthenticated requests to the HF Hub. Please set a HF_TOKEN to enable higher rate limits and faster downloads.

Multi-thread loading shards:   0% Completed | 0/4 [00:00<?, ?it/s]
Multi-thread loading shards:  25% Completed | 1/4 [00:00<00:02,  1.45it/s]
Multi-thread loading shards:  50% Completed | 2/4 [00:01<00:01,  1.43it/s]
Multi-thread loading shards:  75% Completed | 3/4 [00:02<00:00,  1.42it/s]
Multi-thread loading shards: 100% Completed | 4/4 [00:02<00:00,  1.45it/s]
Multi-thread loading shards: 100% Completed | 4/4 [00:02<00:00,  1.44it/s]
PROGRESS: shared-v12 ordinary q112 initial repeat0
PROGRESS: shared-v12 ordinary q114 initial repeat0
PROGRESS: shared-v12 ordinary q151 initial repeat0
PROGRESS: shared-v12 ordinary q114 refinement repeat0
PROGRESS: shared-v12 ordinary q112 initial repeat1
PROGRESS: shared-v12 ordinary q114 initial repeat1
PROGRESS: shared-v12 ordinary q151 initial repeat1
PROGRESS: shared-v12 ordinary q114 refinement repeat1
COMMAND: ["python", "/project/analysis/reassessment_gpu.py", "--variant", "shared-v12", "--mode", "ngram", "--output-dir", "/artifacts/modal-20261004-independent-audit/results"]
[2026-10-04 20:34:46] Warning: You are sending unauthenticated requests to the HF Hub. Please set a HF_TOKEN to enable higher rate limits and faster downloads.

Multi-thread loading shards:   0% Completed | 0/4 [00:00<?, ?it/s]
Multi-thread loading shards:  25% Completed | 1/4 [00:00<00:02,  1.45it/s]
Multi-thread loading shards:  50% Completed | 2/4 [00:01<00:01,  1.41it/s]
Multi-thread loading shards:  75% Completed | 3/4 [00:02<00:00,  1.43it/s]
Multi-thread loading shards: 100% Completed | 4/4 [00:02<00:00,  1.46it/s]
Multi-thread loading shards: 100% Completed | 4/4 [00:02<00:00,  1.45it/s]
PROGRESS: shared-v12 ngram q112 initial repeat0
PROGRESS: shared-v12 ngram q114 initial repeat0
PROGRESS: shared-v12 ngram q151 initial repeat0
PROGRESS: shared-v12 ngram q114 refinement repeat0
PROGRESS: shared-v12 ngram q112 initial repeat1
PROGRESS: shared-v12 ngram q114 initial repeat1
PROGRESS: shared-v12 ngram q151 initial repeat1
PROGRESS: shared-v12 ngram q114 refinement repeat1
